solovev@solovev-VirtualBox:~$ sudo mysql -u root -p
Enter password:
Welcome to the MySQL monitor.  Commands end with ; or \g.
Your MySQL connection id is 18
Server version: 8.0.33-0ubuntu0.22.10.2 (Ubuntu)

Copyright (c) 2000, 2023, Oracle and/or its affiliates.

Oracle is a registered trademark of Oracle Corporation and/or its
affiliates. Other names may be trademarks of their respective
owners.

Type 'help;' or '\h' for help. Type '\c' to clear the current input statement.

mysql> SELECT User FROM mysql.user;
+------------------+
| User             |
+------------------+
| debian-sys-maint |
| mysql.infoschema |
| mysql.session    |
| mysql.sys        |
| root             |
| sys_temp         |
+------------------+
6 rows in set (0,00 sec)

mysql> exit
Bye
solovev@solovev-VirtualBox:~$ sudo mysql -u root -p
[sudo] password for solovev:
Enter password:
Welcome to the MySQL monitor.  Commands end with ; or \g.
Your MySQL connection id is 19
Server version: 8.0.33-0ubuntu0.22.10.2 (Ubuntu)

Copyright (c) 2000, 2023, Oracle and/or its affiliates.

Oracle is a registered trademark of Oracle Corporation and/or its
affiliates. Other names may be trademarks of their respective
owners.

Type 'help;' or '\h' for help. Type '\c' to clear the current input statement.

mysql> GRANT ALL PRIVILEGES ON *.* TO 'sys_temp'@'localhost';
Query OK, 0 rows affected (0,01 sec)

mysql> SHOW GRANTS FOR 'sys_temp'@'localhost';
+--------------------------------------------------------------------------------------------------------------------------------------------------------------------------------------------------------------------------------------------------------------------------------------------------------------------------------------------------------------------------------------------------------------------------------------------------------------------------------------------------------------------------------------------------------------------------------------------------------------------------------------------------------------------------------------------------------------------------------------------------------------------------------+
| Grants for sys_temp@localhost                                                                                                                                                                                                                                                                                                                                                                                                                                                                                                                                                                                                                                                                                                                                                  |
+--------------------------------------------------------------------------------------------------------------------------------------------------------------------------------------------------------------------------------------------------------------------------------------------------------------------------------------------------------------------------------------------------------------------------------------------------------------------------------------------------------------------------------------------------------------------------------------------------------------------------------------------------------------------------------------------------------------------------------------------------------------------------------+
| GRANT SELECT, INSERT, UPDATE, DELETE, CREATE, DROP, RELOAD, SHUTDOWN, PROCESS, FILE, REFERENCES, INDEX, ALTER, SHOW DATABASES, SUPER, CREATE TEMPORARY TABLES, LOCK TABLES, EXECUTE, REPLICATION SLAVE, REPLICATION CLIENT, CREATE VIEW, SHOW VIEW, CREATE ROUTINE, ALTER ROUTINE, CREATE USER, EVENT, TRIGGER, CREATE TABLESPACE, CREATE ROLE, DROP ROLE ON *.* TO `sys_temp`@`localhost`                                                                                                                                                                                                                                                                                                                                                                                     |
| GRANT APPLICATION_PASSWORD_ADMIN,AUDIT_ABORT_EXEMPT,AUDIT_ADMIN,AUTHENTICATION_POLICY_ADMIN,BACKUP_ADMIN,BINLOG_ADMIN,BINLOG_ENCRYPTION_ADMIN,CLONE_ADMIN,CONNECTION_ADMIN,ENCRYPTION_KEY_ADMIN,FIREWALL_EXEMPT,FLUSH_OPTIMIZER_COSTS,FLUSH_STATUS,FLUSH_TABLES,FLUSH_USER_RESOURCES,GROUP_REPLICATION_ADMIN,GROUP_REPLICATION_STREAM,INNODB_REDO_LOG_ARCHIVE,INNODB_REDO_LOG_ENABLE,PASSWORDLESS_USER_ADMIN,PERSIST_RO_VARIABLES_ADMIN,REPLICATION_APPLIER,REPLICATION_SLAVE_ADMIN,RESOURCE_GROUP_ADMIN,RESOURCE_GROUP_USER,ROLE_ADMIN,SENSITIVE_VARIABLES_OBSERVER,SERVICE_CONNECTION_ADMIN,SESSION_VARIABLES_ADMIN,SET_USER_ID,SHOW_ROUTINE,SYSTEM_USER,SYSTEM_VARIABLES_ADMIN,TABLE_ENCRYPTION_ADMIN,TELEMETRY_LOG_ADMIN,XA_RECOVER_ADMIN ON *.* TO `sys_temp`@`localhost` |
+--------------------------------------------------------------------------------------------------------------------------------------------------------------------------------------------------------------------------------------------------------------------------------------------------------------------------------------------------------------------------------------------------------------------------------------------------------------------------------------------------------------------------------------------------------------------------------------------------------------------------------------------------------------------------------------------------------------------------------------------------------------------------------+
2 rows in set (0,00 sec)

mysql>







solovev@solovev-VirtualBox:~$ sudo mysql -u root -p
Enter password:
Welcome to the MySQL monitor.  Commands end with ; or \g.
Your MySQL connection id is 18
Server version: 8.0.33-0ubuntu0.22.10.2 (Ubuntu)

Copyright (c) 2000, 2023, Oracle and/or its affiliates.

Oracle is a registered trademark of Oracle Corporation and/or its
affiliates. Other names may be trademarks of their respective
owners.

Type 'help;' or '\h' for help. Type '\c' to clear the current input statement.

mysql> SELECT User FROM mysql.user;
+------------------+
| User             |
+------------------+
| debian-sys-maint |
| mysql.infoschema |
| mysql.session    |
| mysql.sys        |
| root             |
| sys_temp         |
+------------------+
6 rows in set (0,00 sec)

mysql> exit
Bye
solovev@solovev-VirtualBox:~$ sudo mysql -u root -p
[sudo] password for solovev:
Enter password:
Welcome to the MySQL monitor.  Commands end with ; or \g.
Your MySQL connection id is 19
Server version: 8.0.33-0ubuntu0.22.10.2 (Ubuntu)

Copyright (c) 2000, 2023, Oracle and/or its affiliates.

Oracle is a registered trademark of Oracle Corporation and/or its
affiliates. Other names may be trademarks of their respective
owners.

Type 'help;' or '\h' for help. Type '\c' to clear the current input statement.

mysql> GRANT ALL PRIVILEGES ON *.* TO 'sys_temp'@'localhost';
Query OK, 0 rows affected (0,01 sec)

mysql> SHOW GRANTS FOR 'sys_temp'@'localhost';
+--------------------------------------------------------------------------------------------------------------------------------------------------------------------------------------------------------------------------------------------------------------------------------------------------------------------------------------------------------------------------------------------------------------------------------------------------------------------------------------------------------------------------------------------------------------------------------------------------------------------------------------------------------------------------------------------------------------------------------------------------------------------------------+
| Grants for sys_temp@localhost                                                                                                                                                                                                                                                                                                                                                                                                                                                                                                                                                                                                                                                                                                                                                  |
+--------------------------------------------------------------------------------------------------------------------------------------------------------------------------------------------------------------------------------------------------------------------------------------------------------------------------------------------------------------------------------------------------------------------------------------------------------------------------------------------------------------------------------------------------------------------------------------------------------------------------------------------------------------------------------------------------------------------------------------------------------------------------------+
| GRANT SELECT, INSERT, UPDATE, DELETE, CREATE, DROP, RELOAD, SHUTDOWN, PROCESS, FILE, REFERENCES, INDEX, ALTER, SHOW DATABASES, SUPER, CREATE TEMPORARY TABLES, LOCK TABLES, EXECUTE, REPLICATION SLAVE, REPLICATION CLIENT, CREATE VIEW, SHOW VIEW, CREATE ROUTINE, ALTER ROUTINE, CREATE USER, EVENT, TRIGGER, CREATE TABLESPACE, CREATE ROLE, DROP ROLE ON *.* TO `sys_temp`@`localhost`                                                                                                                                                                                                                                                                                                                                                                                     |
| GRANT APPLICATION_PASSWORD_ADMIN,AUDIT_ABORT_EXEMPT,AUDIT_ADMIN,AUTHENTICATION_POLICY_ADMIN,BACKUP_ADMIN,BINLOG_ADMIN,BINLOG_ENCRYPTION_ADMIN,CLONE_ADMIN,CONNECTION_ADMIN,ENCRYPTION_KEY_ADMIN,FIREWALL_EXEMPT,FLUSH_OPTIMIZER_COSTS,FLUSH_STATUS,FLUSH_TABLES,FLUSH_USER_RESOURCES,GROUP_REPLICATION_ADMIN,GROUP_REPLICATION_STREAM,INNODB_REDO_LOG_ARCHIVE,INNODB_REDO_LOG_ENABLE,PASSWORDLESS_USER_ADMIN,PERSIST_RO_VARIABLES_ADMIN,REPLICATION_APPLIER,REPLICATION_SLAVE_ADMIN,RESOURCE_GROUP_ADMIN,RESOURCE_GROUP_USER,ROLE_ADMIN,SENSITIVE_VARIABLES_OBSERVER,SERVICE_CONNECTION_ADMIN,SESSION_VARIABLES_ADMIN,SET_USER_ID,SHOW_ROUTINE,SYSTEM_USER,SYSTEM_VARIABLES_ADMIN,TABLE_ENCRYPTION_ADMIN,TELEMETRY_LOG_ADMIN,XA_RECOVER_ADMIN ON *.* TO `sys_temp`@`localhost` |
+--------------------------------------------------------------------------------------------------------------------------------------------------------------------------------------------------------------------------------------------------------------------------------------------------------------------------------------------------------------------------------------------------------------------------------------------------------------------------------------------------------------------------------------------------------------------------------------------------------------------------------------------------------------------------------------------------------------------------------------------------------------------------------+
2 rows in set (0,00 sec)

mysql> exit
Bye
solovev@solovev-VirtualBox:~$ sudo mysql -u sys_temp -p
Enter password:
Welcome to the MySQL monitor.  Commands end with ; or \g.
Your MySQL connection id is 20
Server version: 8.0.33-0ubuntu0.22.10.2 (Ubuntu)

Copyright (c) 2000, 2023, Oracle and/or its affiliates.

Oracle is a registered trademark of Oracle Corporation and/or its
affiliates. Other names may be trademarks of their respective
owners.

Type 'help;' or '\h' for help. Type '\c' to clear the current input statement.

mysql> ALTER USER 'sys_temp'@'localhost' IDENTIFIED WITH mysql_native_password BY '1234';
Query OK, 0 rows affected (0,01 sec)

mysql> create database netology_training;
Query OK, 1 row affected (0,01 sec)

mysql> use netology_training;
Database changed
mysql> source ~/sakila-db/sakila-data.sql
ERROR:
Failed to open file '/root/sakila-db/sakila-data.sql', error: 2
mysql> exit
Bye
solovev@solovev-VirtualBox:~$ cat ~/sakila-db/*.sql | mysql -u sys_temp -p netology_training
Enter password:
ERROR 1049 (42000) at line 38: Unknown database 'sakila'
solovev@solovev-VirtualBox:~$ sudo mysql -u sys_temp -p
Enter password:
ERROR 1045 (28000): Access denied for user 'sys_temp'@'localhost' (using password: YES)
solovev@solovev-VirtualBox:~$ sudo mysql -u sys_temp -p
Enter password:
Welcome to the MySQL monitor.  Commands end with ; or \g.
Your MySQL connection id is 23
Server version: 8.0.33-0ubuntu0.22.10.2 (Ubuntu)

Copyright (c) 2000, 2023, Oracle and/or its affiliates.

Oracle is a registered trademark of Oracle Corporation and/or its
affiliates. Other names may be trademarks of their respective
owners.

Type 'help;' or '\h' for help. Type '\c' to clear the current input statement.

mysql> create database sakila;
Query OK, 1 row affected (0,00 sec)

mysql> use sakila;
Database changed
mysql> exit
Bye
solovev@solovev-VirtualBox:~$ cat ~/sakila-db/*.sql | mysql -u sys_temp -p netology_training
Enter password:
ERROR 1146 (42S02) at line 45: Table 'sakila.actor' doesn't exist
solovev@solovev-VirtualBox:~$ cat ~/sakila-db/*.sql | sudo mysql -u sys_temp -p netology_training
Enter password:
ERROR 1146 (42S02) at line 45: Table 'sakila.actor' doesn't exist
solovev@solovev-VirtualBox:~$ sudo mysql -u sys_temp -p  newdb < ~/sakila-db/sakila-data.sql
Enter password:
ERROR 1049 (42000): Unknown database 'newdb'
solovev@solovev-VirtualBox:~$ sudo mysql -u sys_temp -p  sakila < ~/sakila-db/sakila-data.sql
Enter password:
ERROR 1146 (42S02) at line 45: Table 'sakila.actor' doesn't exist
solovev@solovev-VirtualBox:~$

solovev@solovev-VirtualBox:~$ cd Downloads/
solovev@solovev-VirtualBox:~/Downloads$ ls
sakila-db  sakila-db.zip
solovev@solovev-VirtualBox:~/Downloads$ cd  sakila-db/
solovev@solovev-VirtualBox:~/Downloads/sakila-db$ SOURCE sakila-schema.sql;
SOURCE: command not found
solovev@solovev-VirtualBox:~/Downloads/sakila-db$ mysql -u root -p
Enter password:
ERROR 1698 (28000): Access denied for user 'root'@'localhost'
solovev@solovev-VirtualBox:~/Downloads/sakila-db$ sudo mysql -u root -p
Enter password:
Welcome to the MySQL monitor.  Commands end with ; or \g.
Your MySQL connection id is 9
Server version: 8.0.33-0ubuntu0.22.10.2 (Ubuntu)

Copyright (c) 2000, 2023, Oracle and/or its affiliates.

Oracle is a registered trademark of Oracle Corporation and/or its
affiliates. Other names may be trademarks of their respective
owners.

Type 'help;' or '\h' for help. Type '\c' to clear the current input statement.

mysql> SOURCE sakila-schema.sql;
Query OK, 0 rows affected (0,01 sec)

Query OK, 0 rows affected (0,00 sec)

Query OK, 0 rows affected (0,00 sec)

Query OK, 0 rows affected (0,00 sec)

Query OK, 0 rows affected, 1 warning (0,00 sec)

Query OK, 1 row affected (0,01 sec)

Database changed
Query OK, 0 rows affected (0,02 sec)

Query OK, 0 rows affected (0,01 sec)

Query OK, 0 rows affected (0,01 sec)

Query OK, 0 rows affected (0,01 sec)

Query OK, 0 rows affected (0,01 sec)

Query OK, 0 rows affected (0,01 sec)

Query OK, 0 rows affected (0,01 sec)

Query OK, 0 rows affected (0,01 sec)

Query OK, 0 rows affected (0,01 sec)

Query OK, 0 rows affected (0,00 sec)

Query OK, 0 rows affected (0,00 sec)

Query OK, 0 rows affected (0,00 sec)

Query OK, 0 rows affected (0,05 sec)

Query OK, 0 rows affected (0,00 sec)

Query OK, 0 rows affected (0,01 sec)

Query OK, 0 rows affected (0,00 sec)

Query OK, 0 rows affected (0,01 sec)

Query OK, 0 rows affected (0,01 sec)

Query OK, 0 rows affected (0,02 sec)

Query OK, 0 rows affected (0,02 sec)

Query OK, 0 rows affected (0,01 sec)

Query OK, 0 rows affected (0,02 sec)

Query OK, 0 rows affected (0,02 sec)

Query OK, 0 rows affected (0,00 sec)

Query OK, 0 rows affected (0,01 sec)

Query OK, 0 rows affected (0,00 sec)

Query OK, 0 rows affected (0,00 sec)

Query OK, 0 rows affected (0,01 sec)

Query OK, 0 rows affected (0,00 sec)

Query OK, 0 rows affected (0,00 sec)

Query OK, 0 rows affected (0,01 sec)

Query OK, 0 rows affected (0,00 sec)

Query OK, 0 rows affected (0,00 sec)

Query OK, 0 rows affected (0,00 sec)

Query OK, 0 rows affected (0,00 sec)

Query OK, 0 rows affected (0,00 sec)

Query OK, 0 rows affected (0,00 sec)

Query OK, 0 rows affected (0,00 sec)

Query OK, 0 rows affected (0,00 sec)

mysql> SOURCE sakila-data.sql;
Query OK, 0 rows affected (0,00 sec)

Query OK, 0 rows affected (0,00 sec)

Query OK, 0 rows affected (0,00 sec)

Query OK, 0 rows affected (0,00 sec)

Query OK, 0 rows affected (0,00 sec)

Database changed
Query OK, 0 rows affected (0,00 sec)

Query OK, 200 rows affected (0,00 sec)
Records: 200  Duplicates: 0  Warnings: 0

Query OK, 0 rows affected (0,01 sec)

Query OK, 0 rows affected (0,00 sec)

Query OK, 603 rows affected (0,03 sec)
Records: 603  Duplicates: 0  Warnings: 0

Query OK, 0 rows affected (0,01 sec)

Query OK, 0 rows affected (0,00 sec)

Query OK, 16 rows affected (0,00 sec)
Records: 16  Duplicates: 0  Warnings: 0

Query OK, 0 rows affected (0,00 sec)

Query OK, 0 rows affected (0,00 sec)

Query OK, 600 rows affected (0,01 sec)
Records: 600  Duplicates: 0  Warnings: 0

Query OK, 0 rows affected (0,01 sec)

Query OK, 0 rows affected (0,00 sec)

Query OK, 109 rows affected (0,00 sec)
Records: 109  Duplicates: 0  Warnings: 0

Query OK, 0 rows affected (0,00 sec)

Query OK, 0 rows affected (0,00 sec)

Query OK, 599 rows affected (0,02 sec)
Records: 599  Duplicates: 0  Warnings: 0

Query OK, 0 rows affected (0,00 sec)

Query OK, 0 rows affected (0,00 sec)

Query OK, 0 rows affected (0,00 sec)

Query OK, 1000 rows affected (0,10 sec)
Records: 1000  Duplicates: 0  Warnings: 0

Query OK, 0 rows affected (0,02 sec)

Query OK, 0 rows affected (0,00 sec)

Query OK, 5462 rows affected (0,07 sec)
Records: 5462  Duplicates: 0  Warnings: 0

Query OK, 0 rows affected (0,00 sec)

Query OK, 0 rows affected (0,00 sec)

Query OK, 1000 rows affected (0,02 sec)
Records: 1000  Duplicates: 0  Warnings: 0

Query OK, 0 rows affected (0,00 sec)

Query OK, 0 rows affected (0,00 sec)

Query OK, 4581 rows affected (0,09 sec)
Records: 4581  Duplicates: 0  Warnings: 0

Query OK, 0 rows affected (0,00 sec)

Query OK, 0 rows affected (0,00 sec)

Query OK, 6 rows affected (0,00 sec)
Records: 6  Duplicates: 0  Warnings: 0

Query OK, 0 rows affected (0,00 sec)

Query OK, 0 rows affected (0,00 sec)

Query OK, 14881 rows affected (0,29 sec)
Records: 14881  Duplicates: 0  Warnings: 0

Query OK, 1163 rows affected (0,02 sec)
Records: 1163  Duplicates: 0  Warnings: 0

Query OK, 0 rows affected (0,00 sec)

Query OK, 0 rows affected (0,00 sec)

Query OK, 0 rows affected (0,00 sec)

Query OK, 12377 rows affected (0,25 sec)
Records: 12377  Duplicates: 0  Warnings: 0

Query OK, 3667 rows affected (0,07 sec)
Records: 3667  Duplicates: 0  Warnings: 0

Query OK, 0 rows affected (0,00 sec)

Query OK, 0 rows affected (0,00 sec)

Query OK, 0 rows affected (0,00 sec)

Query OK, 0 rows affected (0,00 sec)

Query OK, 2 rows affected (0,01 sec)
Records: 2  Duplicates: 0  Warnings: 0

Query OK, 0 rows affected (0,00 sec)

Query OK, 0 rows affected (0,00 sec)

Query OK, 0 rows affected (0,00 sec)

Query OK, 2 rows affected (0,00 sec)
Records: 2  Duplicates: 0  Warnings: 0

Query OK, 0 rows affected (0,00 sec)

Query OK, 0 rows affected (0,00 sec)

Query OK, 0 rows affected (0,00 sec)

Query OK, 0 rows affected (0,00 sec)

Query OK, 0 rows affected (0,00 sec)

mysql> USE sakila;
Database changed
mysql> SHOW FULL TABLES;
+----------------------------+------------+
| Tables_in_sakila           | Table_type |
+----------------------------+------------+
| actor                      | BASE TABLE |
| actor_info                 | VIEW       |
| address                    | BASE TABLE |
| category                   | BASE TABLE |
| city                       | BASE TABLE |
| country                    | BASE TABLE |
| customer                   | BASE TABLE |
| customer_list              | VIEW       |
| film                       | BASE TABLE |
| film_actor                 | BASE TABLE |
| film_category              | BASE TABLE |
| film_list                  | VIEW       |
| film_text                  | BASE TABLE |
| inventory                  | BASE TABLE |
| language                   | BASE TABLE |
| nicer_but_slower_film_list | VIEW       |
| payment                    | BASE TABLE |
| rental                     | BASE TABLE |
| sales_by_film_category     | VIEW       |
| sales_by_store             | VIEW       |
| staff                      | BASE TABLE |
| staff_list                 | VIEW       |
| store                      | BASE TABLE |
+----------------------------+------------+
23 rows in set (0,00 sec)

mysql>
